// Vitest Snapshot v1, https://vitest.dev/guide/snapshot.html

exports[`default table behavior 1`] = `
{
  "resource": {
    "aws_dynamodb_table": {
      "Table": {
        "attribute": [
          {
            "name": "id",
            "type": "S",
          },
        ],
        "billing_mode": "PAY_PER_REQUEST",
        "hash_key": "id",
        "name": "my-wing-tableTable-c89b2d37",
      },
    },
  },
}
`;
