// Vitest Snapshot v1, https://vitest.dev/guide/snapshot.html

exports[`publishing messages to topic 1`] = `
[
<<<<<<< HEAD
  "@winglang/sdk.cloud.Topic created.",
  "@winglang/sdk.cloud.Function created.",
  "@winglang/sdk.sim.EventMapping created.",
  "@winglang/sdk.cloud.Function created.",
=======
  "root/TopicTester/MyTopic/OnMessage0 started",
  "root/TopicTester/MyTopic started",
  "root/TopicTester/MyTopic/TopicEventMapping0 started",
  "root/TopicTester/Function started",
>>>>>>> main
  "Publish (message=ABC).",
  "Sending message (message=ABC, subscriber=sim-1).",
  "InvokeAsync (payload="ABC").",
  "Invoke (payload="ABC").",
<<<<<<< HEAD
  "@winglang/sdk.cloud.Function deleted.",
  "@winglang/sdk.sim.EventMapping deleted.",
  "@winglang/sdk.cloud.Function deleted.",
  "@winglang/sdk.cloud.Topic deleted.",
=======
  "root/TopicTester/MyTopic/TopicEventMapping0 stopped",
  "root/TopicTester/MyTopic/OnMessage0 stopped",
  "root/TopicTester/Function stopped",
  "root/TopicTester/MyTopic stopped",
>>>>>>> main
]
`;
